// Jest Snapshot v1, https://goo.gl/fbAQLP

exports[`<FilterMenu /> Should render the FilterMenu component successfully 1`] = `
<div
  className="MuiBox-root css-nr4a5l"
>
  <div
    className="MuiGrid-root MuiGrid-container css-1t09gft-MuiGrid-root"
  >
    <div
      className="MuiGrid-root MuiGrid-item css-1llorz5-MuiGrid-root"
    >
      <h5
        className="MuiTypography-root MuiTypography-h5 css-1mzsfvt-MuiTypography-root"
      >
        Filter Results
      </h5>
    </div>
  </div>
  <div
    className="MuiGrid-root MuiGrid-container css-14ldd2u-MuiGrid-root"
  >
    <div
      className="MuiGrid-root MuiGrid-container css-11lq3yg-MuiGrid-root"
    >
      <div
        className="MuiGrid-root MuiGrid-item css-13i4rnv-MuiGrid-root"
      >
        <h6
          className="MuiTypography-root MuiTypography-h6 css-k0cgwl-MuiTypography-root"
        >
          Appointment Type
        </h6>
      </div>
      <div
        className="MuiGrid-root MuiGrid-container css-p54wsc-MuiGrid-root"
      >
        <button
          className="MuiButton-root MuiButton-text MuiButton-textPrimary MuiButton-sizeMedium MuiButton-textSizeMedium MuiButtonBase-root  css-rw4q7k-MuiButtonBase-root-MuiButton-root"
          disabled={false}
          onBlur={[Function]}
          onClick={[Function]}
          onContextMenu={[Function]}
          onDragLeave={[Function]}
          onFocus={[Function]}
          onKeyDown={[Function]}
          onKeyUp={[Function]}
          onMouseDown={[Function]}
          onMouseLeave={[Function]}
          onMouseUp={[Function]}
          onTouchEnd={[Function]}
          onTouchMove={[Function]}
          onTouchStart={[Function]}
          tabIndex={0}
          type="button"
        >
          One-Off
        </button>
        <button
          className="MuiButton-root MuiButton-text MuiButton-textPrimary MuiButton-sizeMedium MuiButton-textSizeMedium MuiButtonBase-root  css-rw4q7k-MuiButtonBase-root-MuiButton-root"
          disabled={false}
          onBlur={[Function]}
          onClick={[Function]}
          onContextMenu={[Function]}
          onDragLeave={[Function]}
          onFocus={[Function]}
          onKeyDown={[Function]}
          onKeyUp={[Function]}
          onMouseDown={[Function]}
          onMouseLeave={[Function]}
          onMouseUp={[Function]}
          onTouchEnd={[Function]}
          onTouchMove={[Function]}
          onTouchStart={[Function]}
          tabIndex={0}
          type="button"
        >
          Consultation
        </button>
      </div>
    </div>
  </div>
</div>
`;

exports[`<FilterMenu /> Should render the button component successfully 1`] = `
<div
  className="MuiBox-root css-nr4a5l"
>
  <div
    className="MuiGrid-root MuiGrid-container css-1t09gft-MuiGrid-root"
  >
    <div
      className="MuiGrid-root MuiGrid-item css-1llorz5-MuiGrid-root"
    >
      <h5
        className="MuiTypography-root MuiTypography-h5 css-1mzsfvt-MuiTypography-root"
      >
        Filter Results
      </h5>
    </div>
  </div>
  <div
    className="MuiGrid-root MuiGrid-container css-14ldd2u-MuiGrid-root"
  >
    <div
      className="MuiGrid-root MuiGrid-container css-11lq3yg-MuiGrid-root"
    >
      <div
        className="MuiGrid-root MuiGrid-item css-13i4rnv-MuiGrid-root"
      >
        <h6
          className="MuiTypography-root MuiTypography-h6 css-k0cgwl-MuiTypography-root"
        >
          Appointment Type
        </h6>
      </div>
      <div
        className="MuiGrid-root MuiGrid-container css-p54wsc-MuiGrid-root"
      >
        <button
          className="MuiButton-root MuiButton-text MuiButton-textPrimary MuiButton-sizeMedium MuiButton-textSizeMedium MuiButtonBase-root  css-rw4q7k-MuiButtonBase-root-MuiButton-root"
          disabled={false}
          onBlur={[Function]}
          onClick={[Function]}
          onContextMenu={[Function]}
          onDragLeave={[Function]}
          onFocus={[Function]}
          onKeyDown={[Function]}
          onKeyUp={[Function]}
          onMouseDown={[Function]}
          onMouseLeave={[Function]}
          onMouseUp={[Function]}
          onTouchEnd={[Function]}
          onTouchMove={[Function]}
          onTouchStart={[Function]}
          tabIndex={0}
          type="button"
        >
          One-Off
        </button>
        <button
          className="MuiButton-root MuiButton-text MuiButton-textPrimary MuiButton-sizeMedium MuiButton-textSizeMedium MuiButtonBase-root  css-rw4q7k-MuiButtonBase-root-MuiButton-root"
          disabled={false}
          onBlur={[Function]}
          onClick={[Function]}
          onContextMenu={[Function]}
          onDragLeave={[Function]}
          onFocus={[Function]}
          onKeyDown={[Function]}
          onKeyUp={[Function]}
          onMouseDown={[Function]}
          onMouseLeave={[Function]}
          onMouseUp={[Function]}
          onTouchEnd={[Function]}
          onTouchMove={[Function]}
          onTouchStart={[Function]}
          tabIndex={0}
          type="button"
        >
          Consultation
        </button>
      </div>
    </div>
  </div>
</div>
`;
