// Jest Snapshot v1, https://goo.gl/fbAQLP

exports[`<Header /> Should render the header component successfully with cross icon 1`] = `
<div
  className="MuiBox-root css-1b8r6wj"
>
  <div
    className="MuiGrid-root MuiGrid-container css-11lq3yg-MuiGrid-root"
  >
    <div
      className="MuiGrid-root MuiGrid-item MuiGrid-grid-xs-4 MuiGrid-grid-lg-4 css-1iu26gx-MuiGrid-root"
    >
      <img
        alt="spill logo"
        src="spill-logo.png"
        style={
          Object {
            "minWidth": "200px",
            "width": "50%",
          }
        }
      />
    </div>
    <div
      className="MuiGrid-root MuiGrid-item MuiGrid-grid-xs-6 MuiGrid-grid-md-6 MuiGrid-grid-lg-8 css-1f4ohof-MuiGrid-root"
    />
    <div
      className="MuiGrid-root MuiGrid-item MuiGrid-grid-xs-2 MuiGrid-grid-md-2 MuiGrid-grid-lg-0 css-18c6h2b-MuiGrid-root"
    >
      <button
        className="MuiButtonBase-root MuiIconButton-root MuiIconButton-sizeMedium css-78trlr-MuiButtonBase-root-MuiIconButton-root"
        disabled={false}
        onBlur={[Function]}
        onClick={[Function]}
        onContextMenu={[Function]}
        onDragLeave={[Function]}
        onFocus={[Function]}
        onKeyDown={[Function]}
        onKeyUp={[Function]}
        onMouseDown={[Function]}
        onMouseLeave={[Function]}
        onMouseUp={[Function]}
        onTouchEnd={[Function]}
        onTouchMove={[Function]}
        onTouchStart={[Function]}
        style={
          Object {
            "minHeight": "100%",
            "width": "50%",
          }
        }
        tabIndex={0}
        type="button"
      >
        <svg
          aria-hidden={true}
          className="MuiSvgIcon-root MuiSvgIcon-fontSizeMedium css-i4bv87-MuiSvgIcon-root"
          data-testid="CloseIcon"
          focusable="false"
          style={
            Object {
              "color": "#FFFF",
              "minHeight": "100%",
              "minWidth": "75px",
              "width": "50%",
            }
          }
          viewBox="0 0 24 24"
        >
          <path
            d="M19 6.41 17.59 5 12 10.59 6.41 5 5 6.41 10.59 12 5 17.59 6.41 19 12 13.41 17.59 19 19 17.59 13.41 12z"
          />
        </svg>
        <span
          className="MuiTouchRipple-root css-8je8zh-MuiTouchRipple-root"
        />
      </button>
    </div>
  </div>
</div>
`;

exports[`<Header /> Should render the header component successfully with filter icon 1`] = `
<div
  className="MuiBox-root css-1b8r6wj"
>
  <div
    className="MuiGrid-root MuiGrid-container css-11lq3yg-MuiGrid-root"
  >
    <div
      className="MuiGrid-root MuiGrid-item MuiGrid-grid-xs-4 MuiGrid-grid-lg-4 css-1iu26gx-MuiGrid-root"
    >
      <img
        alt="spill logo"
        src="spill-logo.png"
        style={
          Object {
            "minWidth": "200px",
            "width": "50%",
          }
        }
      />
    </div>
    <div
      className="MuiGrid-root MuiGrid-item MuiGrid-grid-xs-6 MuiGrid-grid-md-6 MuiGrid-grid-lg-8 css-1f4ohof-MuiGrid-root"
    />
    <div
      className="MuiGrid-root MuiGrid-item MuiGrid-grid-xs-2 MuiGrid-grid-md-2 MuiGrid-grid-lg-0 css-18c6h2b-MuiGrid-root"
    >
      <button
        className="MuiButtonBase-root MuiIconButton-root MuiIconButton-sizeMedium css-78trlr-MuiButtonBase-root-MuiIconButton-root"
        disabled={false}
        onBlur={[Function]}
        onClick={[Function]}
        onContextMenu={[Function]}
        onDragLeave={[Function]}
        onFocus={[Function]}
        onKeyDown={[Function]}
        onKeyUp={[Function]}
        onMouseDown={[Function]}
        onMouseLeave={[Function]}
        onMouseUp={[Function]}
        onTouchEnd={[Function]}
        onTouchMove={[Function]}
        onTouchStart={[Function]}
        style={
          Object {
            "minHeight": "100%",
            "width": "50%",
          }
        }
        tabIndex={0}
        type="button"
      >
        <svg
          aria-hidden={true}
          className="MuiSvgIcon-root MuiSvgIcon-fontSizeMedium css-i4bv87-MuiSvgIcon-root"
          data-testid="FilterAltIcon"
          focusable="false"
          style={
            Object {
              "color": "#FFFF",
              "minHeight": "100%",
              "minWidth": "75px",
              "width": "50%",
            }
          }
          viewBox="0 0 24 24"
        >
          <path
            d="M4.25 5.61C6.27 8.2 10 13 10 13v6c0 .55.45 1 1 1h2c.55 0 1-.45 1-1v-6s3.72-4.8 5.74-7.39c.51-.66.04-1.61-.79-1.61H5.04c-.83 0-1.3.95-.79 1.61z"
          />
        </svg>
      </button>
    </div>
  </div>
</div>
`;

exports[`<Header /> Should render the header component successfully with no icon 1`] = `
<div
  className="MuiBox-root css-1b8r6wj"
>
  <div
    className="MuiGrid-root MuiGrid-container css-11lq3yg-MuiGrid-root"
  >
    <div
      className="MuiGrid-root MuiGrid-item MuiGrid-grid-xs-4 MuiGrid-grid-lg-4 css-1iu26gx-MuiGrid-root"
    >
      <img
        alt="spill logo"
        src="spill-logo.png"
        style={
          Object {
            "minWidth": "200px",
            "width": "50%",
          }
        }
      />
    </div>
    <div
      className="MuiGrid-root MuiGrid-item MuiGrid-grid-xs-6 MuiGrid-grid-md-6 MuiGrid-grid-lg-8 css-1f4ohof-MuiGrid-root"
    />
    <div
      className="MuiGrid-root MuiGrid-item MuiGrid-grid-xs-2 MuiGrid-grid-md-2 MuiGrid-grid-lg-0 css-18c6h2b-MuiGrid-root"
    >
      <button
        className="MuiButtonBase-root MuiIconButton-root MuiIconButton-sizeMedium css-78trlr-MuiButtonBase-root-MuiIconButton-root"
        disabled={false}
        onBlur={[Function]}
        onClick={[Function]}
        onContextMenu={[Function]}
        onDragLeave={[Function]}
        onFocus={[Function]}
        onKeyDown={[Function]}
        onKeyUp={[Function]}
        onMouseDown={[Function]}
        onMouseLeave={[Function]}
        onMouseUp={[Function]}
        onTouchEnd={[Function]}
        onTouchMove={[Function]}
        onTouchStart={[Function]}
        style={
          Object {
            "minHeight": "100%",
            "width": "50%",
          }
        }
        tabIndex={0}
        type="button"
      >
        <svg
          aria-hidden={true}
          className="MuiSvgIcon-root MuiSvgIcon-fontSizeMedium css-i4bv87-MuiSvgIcon-root"
          data-testid="FilterAltIcon"
          focusable="false"
          style={
            Object {
              "color": "#FFFF",
              "minHeight": "100%",
              "minWidth": "75px",
              "width": "50%",
            }
          }
          viewBox="0 0 24 24"
        >
          <path
            d="M4.25 5.61C6.27 8.2 10 13 10 13v6c0 .55.45 1 1 1h2c.55 0 1-.45 1-1v-6s3.72-4.8 5.74-7.39c.51-.66.04-1.61-.79-1.61H5.04c-.83 0-1.3.95-.79 1.61z"
          />
        </svg>
      </button>
    </div>
  </div>
</div>
`;
